[engine] ⚡ Zero-Copy Fast Path Detected!
[factory] Creating AsyncS3SinkGen for s3://skyway-staging-perf-test/zpq_test_data/output/bench_100mb_optimized_v15.parquet
[S3Sink] background thread started
DEBUG: logFn called with scope=pool level=debug
[S3Sink] Initiating multipart upload
[S3Writer] Request done: status=200 Part=0 ETag=none
[S3Writer] initiateMultipartUpload body: <?xml version="1.0" encoding="UTF-8"?>
<InitiateMultipartUploadResult xmlns="http://s3.amazonaws.com/doc/2006-03-01/"><Bucket>skyway-staging-perf-test</Bucket><Key>zpq_test_data/output/bench_100mb_optimized_v15.parquet</Key><UploadId>AWlhkempLRdukQUHefXSVdcoSDIYx5poFjWcLIgJGOKv8HjtbuuxIpJ26pBKE0uTSQ6Fv3OhpyLYxK6r1HHZTptO076oEJVEgX111_JONxjRAGRRCDyXUMo8Np7wnYuW</UploadId></InitiateMultipartUploadResult>
[S3Sink] Upload ID: AWlhkempLRdukQUHefXSVdcoSDIYx5poFjWcLIgJGOKv8HjtbuuxIpJ26pBKE0uTSQ6Fv3OhpyLYxK6r1HHZTptO076oEJVEgX111_JONxjRAGRRCDyXUMo8Np7wnYuW
[S3Sink] Launching Part 1 (16777216 bytes)
[S3Sink] Launching Part 2 (16777216 bytes)
[engine] Copied 162 MB in 991.42ms (163.50 MB/s)
[S3Sink] Launching Part 3 (16777216 bytes)
[S3Sink] Launching Part 4 (16777216 bytes)
[S3Sink] Launching Part 5 (16777216 bytes)
[S3Sink] Launching Part 6 (16777216 bytes)
[S3Sink] Launching Part 7 (16777216 bytes)
[S3Sink] Launching Part 8 (16777216 bytes)
[S3Sink] Launching Part 9 (16777216 bytes)
[S3Sink] Launching Part 10 (16777216 bytes)
[S3Writer] Request done: status=200 Part=6 ETag=c9b578b7d1d135b3c29221572c13ce6e
[S3Writer] Request done: status=200 Part=2 ETag=e965dde11ecf23e0d045acaafec723db
[S3Writer] Request done: status=200 Part=3 ETag=e7b766b42d6d42e8bd83696485317365
[S3Writer] Request done: status=200 Part=4 ETag=5077582587c6ddf1a0925eb1f937c88d
[pool] Throughput: 4.38 MB/s (Current Max: 8)
DEBUG: logFn called with scope=pool level=debug
[S3Writer] Request done: status=200 Part=1 ETag=3787ec08337ebd5eb0005c8bb6eb9dba
[S3Writer] Request done: status=200 Part=7 ETag=3a8fa56054d82f7af69b730e20029f5e
[S3Writer] Request done: status=200 Part=5 ETag=3eba7319f46377f44db6061a6ff81fc9
[S3Writer] Request done: status=200 Part=8 ETag=e60eb4369528dad4acbb367d1f8400c3
[pool] Throughput: 60.26 MB/s (Current Max: 9)
DEBUG: logFn called with scope=pool level=debug
[S3Writer] Request done: status=200 Part=9 ETag=8741fab8e4ee0b1dd70f00c35bedce84
[S3Writer] Request done: status=200 Part=10 ETag=4a9b4bddbd24594f18a85ee990a127e3
[S3Writer] Request done: status=200 Part=11 ETag=58a5e3660565d9c4d57f3767c25b96e7
[S3Sink] runInternal failed with error: error.NoSpaceLeft
[S3Sink] thread exiting
Scanned 0 rows (0 matched) in 991.42ms
[1510139210] [DEBUG] [ID:0000000000000000] Hardware: CPU=24 RAM=18347MB (init_cap=8)
[1510153808] [DEBUG] [ID:0000000000000000] Scaling up: 0MB/s -> 4MB/s (new limit: 9)
[1510154870] [DEBUG] [ID:0000000000000000] Scaling up: 4MB/s -> 60MB/s (new limit: 10)
DEBUG: logFn called with scope=DebugAllocator level=err
[err] memory address 0x7c8b366c0200 leaked: 
(empty stack trace)

